// Jest Snapshot v1, https://goo.gl/fbAQLP

exports[`Main component tests Component should be rendered 1`] = `
<div
  className="container-fluid"
>
  <AppRouter />
</div>
`;
