// Jest Snapshot v1, https://goo.gl/fbAQLP

exports[`Login component tests Component should be rendered 1`] = `
<Fragment>
  <button
    className="btn btn-lg btn-success mt-3 py-2 px-3"
    onClick={[Function]}
  >
    GENERATE QR
  </button>
  <canvas
    id="loginCanvas"
  />
</Fragment>
`;
